// Jest Snapshot v1, https://goo.gl/fbAQLP

exports[`After running stryker on jest-react project should report expected scores 1`] = `
Object {
  "compileErrors": 0,
  "ignored": 34,
  "killed": 6,
  "mutationScore": 42.857142857142854,
  "mutationScoreBasedOnCoveredCode": 100,
  "noCoverage": 8,
  "pending": 0,
  "runtimeErrors": 0,
  "survived": 0,
  "timeout": 0,
  "totalCovered": 6,
  "totalDetected": 6,
  "totalInvalid": 0,
  "totalMutants": 48,
  "totalUndetected": 8,
  "totalValid": 14,
}
`;
